MPLINK 5.09, LINKER
Linker Map File - Created Tue Sep 25 18:28:40 2018

                                 Section Info
                  Section       Type    Address   Location Size(Bytes)
                ---------  ---------  ---------  ---------  ---------
                   .org_0       code   0x000000    program   0x000004
                   .cinit    romdata   0x000002    program   0x000004
                   .org_1       code   0x000004    program   0x00003a
.config_2007_BUILD/DEFAULT/DEBUG/LED.O       code   0x002007    program   0x000002



                              Program Memory Usage 
                               Start         End      
                           ---------   ---------      
                            0x000000    0x000020      
                            0x002007    0x002007      
            34 out of 1094 program addresses used, program memory utilization is 3%



                              Symbols - Sorted by Name
                     Name    Address   Location    Storage File                     
                ---------  ---------  ---------  --------- ---------                
                     Loop   0x00000a    program     static C:\Users\Jose\MPLABXProjects\led.X\Led.asm
                     Main   0x000005    program     static C:\Users\Jose\MPLABXProjects\led.X\Led.asm
             _.org_1_0013   0x000013    program     static C:\Users\Jose\MPLABXProjects\led.X\Led.asm
             _.org_1_0019   0x000019    program     static C:\Users\Jose\MPLABXProjects\led.X\Led.asm
             _.org_1_001F   0x00001f    program     static C:\Users\Jose\MPLABXProjects\led.X\Led.asm
              delay_100ms   0x000015    program     static C:\Users\Jose\MPLABXProjects\led.X\Led.asm
                delay_1ms   0x00000f    program     static C:\Users\Jose\MPLABXProjects\led.X\Led.asm
               delay_50ms   0x00001b    program     static C:\Users\Jose\MPLABXProjects\led.X\Led.asm



                              Symbols - Sorted by Address
                     Name    Address   Location    Storage File                     
                ---------  ---------  ---------  --------- ---------                
                     Main   0x000005    program     static C:\Users\Jose\MPLABXProjects\led.X\Led.asm
                     Loop   0x00000a    program     static C:\Users\Jose\MPLABXProjects\led.X\Led.asm
                delay_1ms   0x00000f    program     static C:\Users\Jose\MPLABXProjects\led.X\Led.asm
             _.org_1_0013   0x000013    program     static C:\Users\Jose\MPLABXProjects\led.X\Led.asm
              delay_100ms   0x000015    program     static C:\Users\Jose\MPLABXProjects\led.X\Led.asm
             _.org_1_0019   0x000019    program     static C:\Users\Jose\MPLABXProjects\led.X\Led.asm
               delay_50ms   0x00001b    program     static C:\Users\Jose\MPLABXProjects\led.X\Led.asm
             _.org_1_001F   0x00001f    program     static C:\Users\Jose\MPLABXProjects\led.X\Led.asm


